{"schema":"change-saga.ai/v1","ok":true,"data":{"usage":"change-saga query <operation> --saga PATH [--repo PATH] [operation flags]","operations":["schema","overview","children","fragment","fragment-diffs","diff-owners","reviews","gaps","mappings","claims","verifications"]},"page":{"total":1,"returned":1,"has_more":false,"next_cursor":null}}
