{"schema":"change-saga.ai/v1","ok":true,"data":{"usage":"change-saga query <operation> --saga PATH [--repo PATH] [operation flags]","operations":["schema","overview","children","fragment","fragment-diffs","slide","slide-diffs","diff-owners","reviews","gaps","mappings","claims","verifications","requirements","requirement-history","citations","relations","waves","work-items","work-events","work-conflicts","traceability","readiness"]},"page":{"total":1,"returned":1,"has_more":false,"next_cursor":null}}
